<html>
<body>
<pre>
<h1>µVision Build Log</h1>
<h2>Tool Versions:</h2>
IDE-Version: ¦ÌVision V5.25.2.0
Copyright (C) 2018 ARM Ltd and ARM Germany GmbH. All rights reserved.
License Information: ßÀeqwe 312, 123, LIC=----
 
Tool Versions:
Toolchain:       MDK-Lite  Version: 5.25.2.0
Toolchain Path:  D:\Keil\ARM\ARMCC\Bin
C Compiler:      Armcc.exe V5.06 update 6 (build 750)
Assembler:       Armasm.exe V5.06 update 6 (build 750)
Linker/Locator:  ArmLink.exe V5.06 update 6 (build 750)
Library Manager: ArmAr.exe V5.06 update 6 (build 750)
Hex Converter:   FromElf.exe V5.06 update 6 (build 750)
CPU DLL:         SARMCM3.DLL V5.25.2.0
Dialog DLL:      DCM.DLL V1.17.1.0
Target DLL:      STLink\ST-LINKIII-KEIL_SWO.dll V3.0.1.0
Dialog DLL:      TCM.DLL V1.35.1.0
 
<h2>Project:</h2>
E:\Intership\bluetooth\MDK-ARM\bluetooth.uvprojx
Project File Date:  07/16/2019

<h2>Output:</h2>
*** Using Compiler 'V5.06 update 6 (build 750)', folder: 'D:\Keil\ARM\ARMCC\Bin'
Build target 'bluetooth'
compiling main.c...
../Src/main.c(75): warning:  #223-D: function "strlen" declared implicitly
  		HAL_UART_Transmit(&huart4,mydata,strlen(mydata),100);
../Src/main.c(75): warning:  #167-D: argument of type "char *" is incompatible with parameter of type "uint8_t *"
  		HAL_UART_Transmit(&huart4,mydata,strlen(mydata),100);
../Src/main.c(77): warning:  #223-D: function "memset" declared implicitly
  		memset(mydata,0,sizeof(mydata));
../Src/main.c(79): warning:  #167-D: argument of type "char *" is incompatible with parameter of type "uint8_t *"
  	 HAL_UART_Receive_IT(&huart4,rxdata,1);
../Src/main.c(115): warning:  #167-D: argument of type "char *" is incompatible with parameter of type "uint8_t *"
   HAL_UART_Receive_IT(&huart4,rxdata,1);
../Src/main.c: 5 warnings, 0 errors
linking...
Program Size: Code=4664 RO-data=360 RW-data=16 ZI-data=1152  
FromELF: creating hex file...
"bluetooth\bluetooth.axf" - 0 Error(s), 5 Warning(s).

<h2>Software Packages used:</h2>

Package Vendor: ARM
                http://www.keil.com/pack/ARM.CMSIS.5.3.0.pack
                ARM.CMSIS.5.3.0
                CMSIS (Cortex Microcontroller Software Interface Standard)
   * Component: CORE Version: 5.1.1

Package Vendor: Keil
                http://www.keil.com/pack/Keil.STM32F1xx_DFP.2.2.0.pack
                Keil.STM32F1xx_DFP.2.2.0
                STMicroelectronics STM32F1 Series Device Support, Drivers and Examples

<h2>Collection of Component include folders:</h2>
  .\RTE\_bluetooth
  D:\Keil\ARM\PACK\ARM\CMSIS\5.3.0\CMSIS\Include
  D:\Keil\ARM\PACK\Keil\STM32F1xx_DFP\2.2.0\Device\Include

<h2>Collection of Component Files used:</h2>

   * Component: ARM::CMSIS:CORE:5.1.1
Build Time Elapsed:  00:00:01
</pre>
</body>
</html>
