<html>
<body>
<pre>
<h1>µVision Build Log</h1>
<h2>Tool Versions:</h2>
IDE-Version: ¦ÌVision V5.25.2.0
Copyright (C) 2018 ARM Ltd and ARM Germany GmbH. All rights reserved.
License Information: ßÀeqwe 312, 123, LIC=----
 
Tool Versions:
Toolchain:       MDK-Lite  Version: 5.25.2.0
Toolchain Path:  D:\Keil\ARM\ARMCC\Bin
C Compiler:      Armcc.exe V5.06 update 6 (build 750)
Assembler:       Armasm.exe V5.06 update 6 (build 750)
Linker/Locator:  ArmLink.exe V5.06 update 6 (build 750)
Library Manager: ArmAr.exe V5.06 update 6 (build 750)
Hex Converter:   FromElf.exe V5.06 update 6 (build 750)
CPU DLL:         SARMCM3.DLL V5.25.2.0
Dialog DLL:      DCM.DLL V1.17.1.0
Target DLL:      STLink\ST-LINKIII-KEIL_SWO.dll V3.0.1.0
Dialog DLL:      TCM.DLL V1.35.1.0
 
<h2>Project:</h2>
E:\Intership\uart5\MDK-ARM\uart5.uvprojx
Project File Date:  07/15/2019

<h2>Output:</h2>
*** Using Compiler 'V5.06 update 6 (build 750)', folder: 'D:\Keil\ARM\ARMCC\Bin'
Rebuild target 'uart5'
assembling startup_stm32f103xe.s...
compiling stm32f1xx_it.c...
compiling stm32f1xx_hal_msp.c...
compiling main.c...
../Src/main.c(76): warning:  #223-D: function "strlen" declared implicitly
  	  HAL_UART_Transmit(&huart5,rxdata,strlen(rxdata),100);
../Src/main.c(76): warning:  #167-D: argument of type "char *" is incompatible with parameter of type "uint8_t *"
  	  HAL_UART_Transmit(&huart5,rxdata,strlen(rxdata),100);
../Src/main.c(78): warning:  #223-D: function "memset" declared implicitly
  		memset(rxdata,0,sizeof(rxdata));
../Src/main.c(80): warning:  #167-D: argument of type "char *" is incompatible with parameter of type "uint8_t *"
  	HAL_UART_Receive_IT(&huart5,rx_data,1); 
../Src/main.c(120): warning:  #167-D: argument of type "char *" is incompatible with parameter of type "uint8_t *"
  	HAL_UART_Receive_IT(&huart5,rx_data,1);
../Src/main.c: 5 warnings, 0 errors
compiling stm32f1xx_hal_tim_ex.c...
compiling stm32f1xx_hal_tim.c...
compiling stm32f1xx_hal_gpio_ex.c...
compiling stm32f1xx_hal.c...
compiling stm32f1xx_hal_uart.c...
compiling stm32f1xx_hal_rcc.c...
compiling stm32f1xx_hal_rcc_ex.c...
compiling stm32f1xx_hal_gpio.c...
compiling stm32f1xx_hal_dma.c...
compiling stm32f1xx_hal_cortex.c...
compiling stm32f1xx_hal_pwr.c...
compiling stm32f1xx_hal_flash.c...
compiling system_stm32f1xx.c...
compiling stm32f1xx_hal_flash_ex.c...
linking...
Program Size: Code=8288 RO-data=360 RW-data=16 ZI-data=1152  
FromELF: creating hex file...
"uart5\uart5.axf" - 0 Error(s), 5 Warning(s).

<h2>Software Packages used:</h2>

Package Vendor: ARM
                http://www.keil.com/pack/ARM.CMSIS.5.3.0.pack
                ARM.CMSIS.5.3.0
                CMSIS (Cortex Microcontroller Software Interface Standard)
   * Component: CORE Version: 5.1.1

Package Vendor: Keil
                http://www.keil.com/pack/Keil.STM32F1xx_DFP.2.2.0.pack
                Keil.STM32F1xx_DFP.2.2.0
                STMicroelectronics STM32F1 Series Device Support, Drivers and Examples

<h2>Collection of Component include folders:</h2>
  .\RTE\_uart5
  D:\Keil\ARM\PACK\ARM\CMSIS\5.3.0\CMSIS\Include
  D:\Keil\ARM\PACK\Keil\STM32F1xx_DFP\2.2.0\Device\Include

<h2>Collection of Component Files used:</h2>

   * Component: ARM::CMSIS:CORE:5.1.1
Build Time Elapsed:  00:00:11
</pre>
</body>
</html>
