<html>
<body>
<pre>
<h1>µVision Build Log</h1>
<h2>Tool Versions:</h2>
IDE-Version: ¦ÌVision V5.25.2.0
Copyright (C) 2018 ARM Ltd and ARM Germany GmbH. All rights reserved.
License Information: ßÀeqwe 312, 123, LIC=----
 
Tool Versions:
Toolchain:       MDK-Lite  Version: 5.25.2.0
Toolchain Path:  D:\Keil\ARM\ARMCC\Bin
C Compiler:      Armcc.exe V5.06 update 6 (build 750)
Assembler:       Armasm.exe V5.06 update 6 (build 750)
Linker/Locator:  ArmLink.exe V5.06 update 6 (build 750)
Library Manager: ArmAr.exe V5.06 update 6 (build 750)
Hex Converter:   FromElf.exe V5.06 update 6 (build 750)
CPU DLL:         SARMCM3.DLL V5.25.2.0
Dialog DLL:      DCM.DLL V1.17.1.0
Target DLL:      STLink\ST-LINKIII-KEIL_SWO.dll V3.0.1.0
Dialog DLL:      TCM.DLL V1.35.1.0
 
<h2>Project:</h2>
E:\Intership\smartlock2\MDK-ARM\smartlock2.uvprojx
Project File Date:  07/16/2019

<h2>Output:</h2>
*** Using Compiler 'V5.06 update 6 (build 750)', folder: 'D:\Keil\ARM\ARMCC\Bin'
Build target 'smartlock2'
compiling main.c...
../Src/main.c(184): warning:  #550-D: variable "myresult"  was set but never used
  	int myresult[6];
../Src/main.c(312): warning:  #167-D: argument of type "char *" is incompatible with parameter of type "uint8_t *"
  				 HAL_UART_Transmit(&huart4,mypassword,strlen(mypassword),100);
../Src/main.c(359): warning:  #167-D: argument of type "char *" is incompatible with parameter of type "uint8_t *"
  	HAL_UART_Receive_IT(&huart4,rxdata,1);
../Src/main.c(439): warning:  #167-D: argument of type "char *" is incompatible with parameter of type "uint8_t *"
    HAL_UART_Receive_IT(&huart4,rxdata,1);
../Src/main.c: 4 warnings, 0 errors
linking...
Program Size: Code=9808 RO-data=2432 RW-data=72 ZI-data=2344  
FromELF: creating hex file...
"smartlock2\smartlock2.axf" - 0 Error(s), 4 Warning(s).

<h2>Software Packages used:</h2>

Package Vendor: ARM
                http://www.keil.com/pack/ARM.CMSIS.5.3.0.pack
                ARM.CMSIS.5.3.0
                CMSIS (Cortex Microcontroller Software Interface Standard)
   * Component: CORE Version: 5.1.1

Package Vendor: Keil
                http://www.keil.com/pack/Keil.STM32F1xx_DFP.2.2.0.pack
                Keil.STM32F1xx_DFP.2.2.0
                STMicroelectronics STM32F1 Series Device Support, Drivers and Examples

<h2>Collection of Component include folders:</h2>
  .\RTE\_smartlock2
  D:\Keil\ARM\PACK\ARM\CMSIS\5.3.0\CMSIS\Include
  D:\Keil\ARM\PACK\Keil\STM32F1xx_DFP\2.2.0\Device\Include

<h2>Collection of Component Files used:</h2>

   * Component: ARM::CMSIS:CORE:5.1.1
Build Time Elapsed:  00:00:01
</pre>
</body>
</html>
